+0_j_sprague.cup.car
+1_s_park.cup.car
+2_r_wallace.cup.car
+4_m_skinner.cup.car
+5_t_labonte.cup.car
+6_m_martin.cup.car
+7_j_spencer.cup.car
+8_d_earnhardtjr.cup.car
+9_b_elliott.cup.car
+01_j_nadeau.cup.car
+02_h_sadler.cup.car
+10_j_benson.cup.car
+11_b_bodine.cup.car
+12_r_newman.cup.car
+15_m_waltrip.cup.car
+16_g_biffle.cup.car
+17_m_kenseth.cup.car
+18_b_labonte.cup.car
+19_j_mayfield.cup.car
+20_t_stewart.cup.car
+21_r_rudd.cup.car
+22_w_burton.cup.car
+23_k_wallace.cup.car
+24_j_gordon.cup.car
+25_j_nemechek.cup.car
+27_s_wimmer.cup.car
+29_k_harvick.cup.car
+30_j_green.cup.car
+31_r_gordon.cup.car
+32_r_craven.cup.car
+38_e_sadler.cup.car
+43_j_andretti.cup.car
+45_k_petty.cup.car
+48_j_johnson.cup.car
+49_k_schrader.cup.car
+67_b_said.cup.car
+77_d_blaney.cup.car
+83_k_earnhardt.cup.car
+86_f_jones.cup.car
+88_d_jarrett.cup.car
+90_j_hedlesky.cup.car
+97_k_busch.cup.car
+99_j_burton.cup.car
+101_d_goward.cup.car
+105_c_gibson.cup.car
+108_j_haley.cup.car
+109_j_balkan.cup.car
+111_t_anita.cup.car
+115_j_lang.cup.car
+117_d_clough.cup.car
+119_r_young.cup.car
+121_j_beatty.cup.car
+123_f_antippas.cup.car
+124_m_laterza.cup.car
+127_s_myers.cup.car
+128_d_sweet.cup.car
+135_s_vandergriff.cup.car
+144_p_inglis.cup.car
+148_h_minh.cup.car
+153_t_reils.cup.car
+155_r_pantano.cup.car
+162_g_grimshaw.cup.car
+168_j_salerno.cup.car
+170_k_iannarelli.cup.car
+177_m_daskalos.cup.car
+188_g_hill.cup.car
+190_m_stackpole.cup.car
+191_j_masella.cup.car
+193_b_simpson.cup.car
