-T_Hunter.pta.car
+P_Styles.pta.car
+S_Hayner.pta.car
+P_Gentiozzi.pta.car
+M_Gidley.pta.car
+R_Fellows.pta.car
+T_Drissi.pta.car
+G_Pickett.pta.car
-SWhitmore.pta.car
+S_Pruett.pta.car
-A_Medina.pta.car
+J_Diaz.pta.car
+A_Kumpen.pta.car
+K_Scott.pta.car
+J_Scarallo.pta.car
+R_LaBarbara.pta.car
-Nim_Cross.pta.car
+B_Sak.pta.car
-E_LeBlanc.pta.car
+M_Davis.pta.car
+M_Lewis.pta.car
-J_Pappas.pta.car
+J_Emery.pta.car
+G_Scoffield.pta.car
+G_Kletjian.pta.car
+D_Lynch.pta.car
+W_Price.pta.car
+B_Ruman.pta.car
+B_Gibson.pta.car
+D_Belomin.pta.car
-Danny_Willis.pta.car
+B_Said.pta.car
+B_Stanley.pta.car
+W_Philmoore.pta.car
+J_Weltz.pta.car
-J_Henry.pta.car
+J_Bell.pta.car
+G_Nolte.pta.car
+B_Litman.pta.car
+R_Ruhlman.pta.car
+T_Allen.pta.car
+S_Gregg.pta.car
+J_Tollen.pta.car
+J_Nelson.pta.car
+J_Miller.pta.car
-J_Taylor.pta.car
+T_Hilton.pta.car
+E_Burch.pta.car
+R_Vonut.pta.car
+T_Cowen.pta.car
-77_eggy.pta.car
+P_Newman.pta.car
-J_OBrien.pta.car
+J_Baucom.pta.car
+H_Gruben.pta.car
+C_Bouchut.pta.car
+P_Menard.pta.car
