+0_m_shepherd.gns.car
+10_s_riggs.gns.car
+12_k_earnhardt.gns.car
-13outbackbgn.gns.car
+16_l_gunselman.gns.car
+18_c_gibbs.gns.car
+19_c_blount.gns.car
+1_j_mcmurray.gns.car
+20_m_bliss.gns.car
+21_k_harvick.gns.car
+22_r_smith.gns.car
+23_s_wimmer.gns.car
+25_b_hamilton_jr.gns.car
+26_k_grubb.gns.car
+27_c_montgomery.gns.car
+2_r_hornaday.gns.car
+30_s_marlin.gns.car
+32_l_amick.gns.car
+33_t_raines.gns.car
+37_d_green.gns.car
+38_k_kahne.gns.car
+43_j_sauter.gns.car
+44_m_harmon.gns.car
+46_a_lewis_jr.gns.car
+48_s_hmiel.gns.car
+49_c_bingham.gns.car
+4_m_wallace.gns.car
+52_b_teague.gns.car
+54_h_sadler.gns.car
+57_j_keller.gns.car
+59_s_compton.gns.car
+5_b_vickers.gns.car
+60_s_barrett.gns.car
+6_d_lusk.gns.car
+71_r_young.gns.car
+73_j_schuler.gns.car
+77_b_bechtel.gns.car
+79_j_aramendia.gns.car
+7_r_lajoie.gns.car
+81_m_truex.gns.car
+84_b_weber.gns.car
+87_j_nemechek.gns.car
+88_d_reutimann.gns.car
+90_l_norick.gns.car
+92_t_bodine.gns.car
+99_m_waltrip.gns.car
-SWhitmore.gns.car
