+1_03.cts.car
+2_03.cts.car
-2_03_hulk.cts.car
-3_oreo_chevy03.cts.car
-3_A_Medina_PWF.cts.car
+4_03.cts.car
+5_03.cts.car
+6_03.cts.car
+6Harvick_03.cts.car
-SWhitmore_7_03.cts.car
-SWhitmore.cts.car
+8_03.cts.car
-8_K_Iannarelli.cts.car
+9_03.cts.car
+00_03.cts.car
-sst02.cts.car
+03_03.cts.car
-Mike_Montesi.cts.car
+07_03.cts.car
+08_03.cts.car
-11_hooters.cts.car
-toyotatruck.cts.car
-13outback.cts.car
-13_ford_outback.cts.car
-pwfkcchevy.cts.car
+14_03.cts.car
+14_03_Silver.cts.car
+15_03.cts.car
+16_03.cts.car
+17_03.cts.car
+18_03.cts.car
+20_03.cts.car
+21_03.cts.car
+23_03.cts.car
-sst24.cts.car
+27_03.cts.car
+28_03.cts.car
+29_03.cts.car
+31_03.cts.car
+33_03.cts.car
+33_tstewart.cts.car
-34_B_Stanley.cts.car
+36_03.cts.car
-38_j_weltz.cts.car
+46_03.cts.car
-50_03.cts.car
+50_03_bobgraham.cts.car
+51_03.cts.car
+52_03.cts.car
+53_03.cts.car
+54_03.cts.car
-56_PWF_JAT.cts.car
+57_03.cts.car
-CWeidner57.cts.car
+59_03.cts.car
+62_03.cts.car
-Jman_Truck.cts.car
+66_03.cts.car
+67_03.cts.car
+72_03.cts.car
+75_03.cts.car
+78_03.cts.car
-80_kcombs_dodge.cts.car
+86_03.cts.car
+88_03.cts.car
+91_03.cts.car
+99_03.cts.car
-sst99.cts.car
